<div xmlns="http://www.w3.org/1999/xhtml"><table class="hapiPropertyTable"><tbody><tr><td>Id:</td><td>Condition/f201</td></tr><tr><td>Identifier:</td><td><div>12345</div></td></tr><tr><td>Clinical Status:</td><td> resolved </td></tr><tr><td>Verification Status:</td><td> confirmed </td></tr><tr><td>Category:</td><td> Problem </td></tr><tr><td>Severity:</td><td> Mild </td></tr><tr><td>Code:</td><td> Fever </td></tr><tr><td>Body Site:</td><td> Entire body as a whole </td></tr><tr><td>Subject:</td><td><a href="http://localhost:8080/openmrs/ws/fhir2/R4/Patient/f201">Roel</a></td></tr><tr><td>Encounter:</td><td><a href="http://localhost:8080/openmrs/ws/fhir2/R4/Encounter/f201">Encounter/f201</a></td></tr><tr><td>Onset:</td><td> 02 April 2013 </td></tr><tr><td>Abatement:</td><td>around April 9, 2013</td></tr><tr><td>Recorded Date:</td><td>04/04/2013</td></tr><tr><td>Recorder:</td><td><a href="http://localhost:8080/openmrs/ws/fhir2/R4/Practitioner/f201">Practitioner/f201</a></td></tr><tr><td>Asserter:</td><td><a href="http://localhost:8080/openmrs/ws/fhir2/R4/Practitioner/f201">Practitioner/f201</a></td></tr></tbody></table><h2>Evidences</h2><table class="subPropertyTable"><tbody><tr><th>-</th><th>Code</th><th>Detail</th></tr><tr><td>1</td><td><div> degrees C </div></td><td><div><a href="http://localhost:8080/openmrs/ws/fhir2/R4/Observation/f202">Temperature</a></div></td></tr></tbody></table><br/><table class="hapiPropertyTable"><tbody/></table></div>
