<div xmlns="http://www.w3.org/1999/xhtml"><table class="hapiPropertyTable"><tbody><tr><td>Id:</td><td>Encounter/f201</td></tr><tr><td>Identifier:</td><td><div>Encounter_Roel_20130404</div></td></tr><tr><td>Status:</td><td>FINISHED</td></tr></tbody></table><table class="hapiPropertyTable"><tbody><tr><td>Class:</td><td>ambulatory</td></tr></tbody></table><table class="hapiPropertyTable"><tbody><tr><td>Type:</td><td> Consultation </td></tr><tr><td>Priority:</td><td> Normal </td></tr><tr><td>Subject:</td><td><a href="http://localhost:8080/openmrs/ws/fhir2/R4/Patient/f201">Roel</a></td></tr></tbody></table><h2>Participants</h2><table class="subPropertyTable"><tbody><tr><th>-</th><th>Type</th><th>Period</th><th>Individual</th></tr><tr><td>1</td><td/><td/><td><a href="http://localhost:8080/openmrs/ws/fhir2/R4/Practitioner/f201">Practitioner/f201</a></td></tr></tbody></table><table class="hapiPropertyTable"><tbody><tr><td>Reason Code:</td><td> The patient had fever peaks over the last couple of days. He is worried about these peaks. </td></tr></tbody></table><table class="hapiPropertyTable"><tbody/></table><table class="hapiPropertyTable"><tbody><tr><td>Service Provider:</td><td><a href="http://localhost:8080/openmrs/ws/fhir2/R4/Organization/f201">Organization/f201</a></td></tr></tbody></table></div>
