<div xmlns="http://www.w3.org/1999/xhtml"><h2>Health Level Seven International</h2><h2><span>3300 Washtenaw Avenue, Suite 227 </span><br/><span>Ann Arbor </span><span>MI </span><span>USA </span></h2><h2> PHONE: <a href="tel:(+1) 734-677-7777">(+1) 734-677-7777</a></h2><h2> FAX: (+1) 734-677-6622 </h2><h2> EMAIL: <a href="mailto:hq@HL7.org">hq@HL7.org</a></h2></div>
