<div xmlns="http://www.w3.org/1999/xhtml"><table class="hapiPropertyTable"><tbody><tr><td>Id:</td><td>MedicationRequest/medrx0301</td></tr><tr><td>Identifier:</td><td><div>12345689</div></td></tr><tr><td>Status:</td><td>COMPLETED</td></tr><tr><td>Status Reason:</td><td> Try another treatment first </td></tr><tr><td>Intent:</td><td>ORDER</td></tr><tr><td>Category:</td><td><div> Inpatient </div></td></tr><tr><td>Medication:</td><td><a href="http://localhost:8080/openmrs/ws/fhir2/R4/#med0310">#med0310</a></td></tr><tr><td>Subject:</td><td><a href="http://localhost:8080/openmrs/ws/fhir2/R4/Patient/pat1">Donald Duck</a></td></tr><tr><td>Encounter:</td><td><a href="http://localhost:8080/openmrs/ws/fhir2/R4/Encounter/f201">encounter who leads to this prescription</a></td></tr><tr><td>Supporting Information:</td><td><div><a href="http://localhost:8080/openmrs/ws/fhir2/R4/Procedure/biopsy">Procedure/biopsy</a></div></td></tr><tr><td>Authored On:</td><td>15/01/2015</td></tr><tr><td>Requester:</td><td><a href="http://localhost:8080/openmrs/ws/fhir2/R4/Practitioner/f007">Patrick Pump</a></td></tr><tr><td>Performer:</td><td><a href="http://localhost:8080/openmrs/ws/fhir2/R4/Practitioner/f204">Carla Espinosa</a></td></tr><tr><td>Performer Type:</td><td> Public Health Nurse </td></tr><tr><td>Reason Code:</td><td><div> Rib Pain (finding) </div></td></tr><tr><td>Insurance:</td><td><div><a href="http://localhost:8080/openmrs/ws/fhir2/R4/Coverage/9876B1">Coverage/9876B1</a></div></td></tr><tr><td>Note:</td><td><div>Patient told to take with food</div></td></tr><tr><td>Dosage Instruction:</td><td><div>one to two tablets every 4-6 hours as needed for rib pain</div></td></tr></tbody></table><h2>Dispense Requests</h2><table class="subPropertyTable"><tr><th>-</th><th>Initial Fill</th><th>Dispense Interval</th><th>Validity Period</th><th>Number of Repeats Allowed</th><th>Quantity</th><th>Expected Supply Duration</th><th>Performer</th></tr><tr><td>*</td><td><div> Quantity: </div><div> Duration: </div></td><td/><td> Thu Jan 15 00:00:00 UTC 2015 - Fri Jan 15 00:00:00 UTC 2016 </td><td> 0 </td><td> 30 TAB </td><td> 10 days </td><td><a href="http://localhost:8080/openmrs/ws/fhir2/R4/Practitioner/f001">Practitioner/f001</a></td></tr></table><h2>Substitutions</h2><table class="subPropertyTable"><tr><th>-</th><th>Allowed</th><th>Reason</th></tr><tr><td>*</td><td> true </td><td> formulary policy </td></tr></table><br/><table class="hapiPropertyTable"><tbody><tr><td>Detected Issue:</td><td><div><a href="http://localhost:8080/openmrs/ws/fhir2/R4/DetectedIssue/allergy">DetectedIssue/allergy</a></div></td></tr><tr><td>Event History:</td><td><div><a href="http://localhost:8080/openmrs/ws/fhir2/R4/#signature">Author's Signature</a></div></td></tr></tbody></table></div>
