<div xmlns="http://www.w3.org/1999/xhtml"><table class="hapiPropertyTable"><tbody><tr><td>Id:</td><td>Observation/f001</td></tr><tr><td>Identifier:</td><td><div>6323</div></td></tr><tr><td>Status:</td><td>FINAL</td></tr><tr><td>Code:</td><td> Glucose [Moles/volume] in Blood </td></tr><tr><td>Subject:</td><td><a href="http://localhost:8080/openmrs/ws/fhir2/R4/Patient/f001">P. van de Heuvel</a></td></tr><tr><td>Effective:</td><td>Tue Apr 02 08:30:10 UTC 2013 - ?</td></tr><tr><td>Issued:</td><td>03/04/2013 02:30:10 PM</td></tr><tr><td>Performer:</td><td><a href="http://localhost:8080/openmrs/ws/fhir2/R4/Practitioner/f005">A. Langeveld</a></td></tr><tr><td>Value:</td><td>6.3 mmol/l </td></tr><tr><td>Interpretation:</td><td> High </td></tr><tr><td>Reference Ranges:</td><td><table class="subPropertyTable"><tbody><tr><th>-</th><th>Low</th><th>High</th><th>Type</th><th>Applies To</th><th>Age</th></tr><tr><td>1</td><td>3.1 mmol/l </td><td>6.2 mmol/l </td><td/><td/><td> - </td></tr></tbody></table></td></tr></tbody></table></div>
