<div xmlns="http://www.w3.org/1999/xhtml"><table class="hapiPropertyTable"><tbody><tr><td>Id:</td><td>PractitionerRole/example-0</td></tr><tr><td>Identifier:</td><td><div>52</div></td></tr><tr><td>Period:</td><td>Sun Jan 01 00:00:00 UTC 2012 - Sat Mar 31 00:00:00 UTC 2012</td></tr><tr><td>Practitioner:</td><td><a href="http://localhost:8080/openmrs/ws/fhir2/R4/Practitioner/example">Adam Careful</a></td></tr><tr><td>Organization:</td><td><a href="http://localhost:8080/openmrs/ws/fhir2/R4/Organization/f001">Organization/f001</a></td></tr><tr><td>Code:</td><td> RP </td></tr><tr><td>Location:</td><td><a href="http://localhost:8080/openmrs/ws/fhir2/R4/Location/1">South Wing, second floor</a></td></tr><tr><td>Healthcare Service:</td><td><a href="http://localhost:8080/openmrs/ws/fhir2/R4/HealthcareService/example">HealthcareService/example</a></td></tr><tr><td>Telecom:</td><td> EMAIL: <a href="mailto:dr.adam.careful@example.org">dr.adam.careful@example.org</a></td></tr></tbody></table><table class="hapiPropertyTable"><tbody><tr><td>Endpoint:</td><td><a href="http://localhost:8080/openmrs/ws/fhir2/R4/Endpoint/example">Endpoint/example</a></td></tr></tbody></table></div>
