<div xmlns="http://www.w3.org/1999/xhtml"><table class="hapiPropertyTable"><tbody><tr><td>Id:</td><td>Practitioner/f003</td></tr><tr><td>Identifier:</td><td><div>846100293</div><div>243HID3RT938</div></td></tr><tr><td>Name:</td><td> Marc <b>VERSTEEGH </b> MD </td></tr><tr><td>Telecom:</td><td> PHONE: 0205562431 (WORK) , EMAIL: <a href="mailto:m.versteegh@bmc.nl">m.versteegh@bmc.nl</a> (WORK) , FAX: 0205662948 (WORK) </td></tr><tr><td>Address:</td><td><span>Galapagosweg 91 </span><br/><span>Amsterdam </span><span>NLD </span></td></tr><tr><td>Gender:</td><td>MALE</td></tr><tr><td>Birth Date:</td><td>01/07/1963</td></tr><tr><td>Communication:</td><td> Dutch </td></tr></tbody></table></div>
