<div xmlns="http://www.w3.org/1999/xhtml"><table class="hapiPropertyTable"><tbody><tr><td>Id:</td><td>RelatedPerson/newborn-mom</td></tr><tr><td>Identifier:</td><td><div>444222222</div></td></tr><tr><td>Active:</td><td>true</td></tr><tr><td>Patient:</td><td><a href="http://localhost:8080/openmrs/ws/fhir2/R4/Patient/newborn">Patient/newborn</a></td></tr><tr><td>Relationship:</td><td> Natural Mother </td></tr><tr><td>Name:</td><td> Eve <b>EVERYWOMAN </b></td></tr><tr><td>Telecom:</td><td> PHONE: <a href="tel:555-555-2003">555-555-2003</a> (WORK) </td></tr><tr><td>Gender:</td><td>FEMALE</td></tr><tr><td>Birth Date:</td><td>31/05/1973</td></tr><tr><td>Address:</td><td><span>2222 Home Street </span><br/></td></tr></tbody></table></div>
