<div xmlns="http://www.w3.org/1999/xhtml"><table class="hapiPropertyTable"><tbody><tr><td>Id:</td><td>Task/example1</td></tr><tr><td>Identifier:</td><td><div>20170201-001</div></td></tr><tr><td>Based On:</td><td><a href="http://localhost:8080/openmrs/ws/fhir2/R4/null">General Wellness Careplan</a></td></tr><tr><td>Group Identifier:</td><td>G20170201-001</td></tr><tr><td>Status:</td><td>INPROGRESS</td></tr><tr><td>Business Status:</td><td>waiting for specimen</td></tr><tr><td>Intent:</td><td>ORDER</td></tr><tr><td>Priority:</td><td>ROUTINE</td></tr><tr><td>Code:</td><td>Lipid Panel</td></tr><tr><td>Description:</td><td>Create order for getting specimen, Set up inhouse testing, generate order for any sendouts and submit with specimen</td></tr><tr><td>Focus:</td><td><a href="http://localhost:8080/openmrs/ws/fhir2/R4/ServiceRequest/lipid">Lipid Panel Request</a></td></tr><tr><td>For:</td><td><a href="http://localhost:8080/openmrs/ws/fhir2/R4/Patient/example">Peter James Chalmers</a></td></tr><tr><td>Encounter:</td><td><a href="http://localhost:8080/openmrs/ws/fhir2/R4/Encounter/example">Example In-Patient Encounter</a></td></tr><tr><td>Execution Period:</td><td>Sun Oct 30 22:25:05 UTC 2016 - ?</td></tr><tr><td>Authored On:</td><td>30/10/2016</td></tr><tr><td>Last Modified:</td><td>30/10/2016</td></tr><tr><td>Requester:</td><td><a href="http://localhost:8080/openmrs/ws/fhir2/R4/Practitioner/example">Dr Adam Careful</a></td></tr><tr><td>Performer Type:</td><td> Performer </td></tr><tr><td>Owner:</td><td><a href="http://localhost:8080/openmrs/ws/fhir2/R4/Organization/1832473e-2fe0-452d-abe9-3cdb9879522f">Clinical Laboratory @ Acme Hospital</a></td></tr><tr><td>Reason Code:</td><td>The Task.reason should only be included if there is no Task.focus or if it differs from the reason indicated on the focus</td></tr><tr><td>Note:</td><td><div>This is an example to demonstrate using task for actioning a servicerequest and to illustrate how to populate many of the task elements - this is the parent task that will be broken into subtask to grab the specimen and a sendout lab test</div></td></tr><tr><td>Relevant History:</td><td><a href="http://localhost:8080/openmrs/ws/fhir2/R4/#signature">Author's Signature</a></td></tr><tr><td>Restriction:</td><td><table class="subPropertyTable"><tbody><tr><th>-</th><th>Repetitions</th><th>Period</th><th>Recipient</th></tr><tr><td>*</td><td> 1 </td><td> ? - Tue Nov 01 23:45:05 UTC 2016 </td><td/></tr></tbody></table></td></tr></tbody></table></div>
