<div xmlns="http://www.w3.org/1999/xhtml"><table class="hapiPropertyTable"><tbody><tr><td>Id:</td><td>DiagnosticReport/f001</td></tr><tr><td>Identifier:</td><td><div>nr1239044</div></td></tr><tr><td>Based On:</td><td><a href="http://localhost:8080/openmrs/ws/fhir2/R4/ServiceRequest/req">ServiceRequest/req</a></td></tr><tr><td>Status:</td><td>FINAL</td></tr><tr><td>Category:</td><td> Haematology test </td></tr><tr><td>Code:</td><td> Complete blood count (hemogram) panel - Blood by Automated count </td></tr><tr><td>Subject:</td><td><a href="http://localhost:8080/openmrs/ws/fhir2/R4/Patient/f001">P. van den Heuvel</a></td></tr><tr><td>Issued:</td><td>Wed May 15 18:32:52 UTC 2013</td></tr><tr><td>Performer:</td><td><a href="http://localhost:8080/openmrs/ws/fhir2/R4/Organization/f001">Burgers University Medical Centre</a></td></tr><tr><td>Result:</td><td><a href="http://localhost:8080/openmrs/ws/fhir2/R4/Observation/f001">Observation/f001</a> , <a href="http://localhost:8080/openmrs/ws/fhir2/R4/Observation/f002">Observation/f002</a> , <a href="http://localhost:8080/openmrs/ws/fhir2/R4/Observation/f003">Observation/f003</a> , <a href="http://localhost:8080/openmrs/ws/fhir2/R4/Observation/f004">Observation/f004</a> , <a href="http://localhost:8080/openmrs/ws/fhir2/R4/Observation/f005">Observation/f005</a></td></tr><tr><td>Conclusion:</td><td>Core lab</td></tr></tbody></table></div>
