<div xmlns="http://www.w3.org/1999/xhtml"><table class="hapiPropertyTable"><tbody><tr><td>Id:</td><td>Medication/med0308</td></tr><tr><td>Code:</td><td> Percocet tablet </td></tr><tr><td>Manufacturer:</td><td><a href="http://localhost:8080/openmrs/ws/fhir2/R4/#org1">#org1</a></td></tr><tr><td>Form:</td><td> Tablet dose form (qualifier value) </td></tr><tr><td>Ingredients:</td><td><table class="subPropertyTable"><tbody><tr><th>-</th><th>Item</th><th>Is Active</th><th>Strength</th></tr><tr><td>1</td><td> Oxycodone HCl </td><td/><td> 5 / 1 </td></tr><tr><td>2</td><td> Acetaminophen </td><td/><td> 325 / 1 </td></tr></tbody></table></td></tr><tr><td>Batches:</td><td><table class="subPropertyTable"><tbody><tr><th>-</th><th>Lot Number</th><th>Expiration Date</th></tr><tr><td>1</td><td> 658484 </td><td> 31/07/2020 </td></tr></tbody></table></td></tr></tbody></table></div>
