<div xmlns="http://www.w3.org/1999/xhtml"><table class="hapiPropertyTable"><tbody><tr><td>Id:</td><td>Patient/f001</td></tr><tr><td>Identifier:</td><td><div>738472983</div><div/></td></tr><tr><td>Active:</td><td>true</td></tr><tr><td>Name:</td><td> Pieter <b>VAN DE HEUVEL </b> MSc </td></tr><tr><td>Telecom:</td><td> PHONE: <a href="tel:0648352638">0648352638</a> (MOBILE) , EMAIL: <a href="mailto:p.heuvel@gmail.com">p.heuvel@gmail.com</a> (HOME) </td></tr><tr><td>Gender:</td><td>MALE</td></tr><tr><td>Birth Date:</td><td>17/11/1944</td></tr><tr><td>Deceased:</td><td>false</td></tr><tr><td>Address:</td><td><span>Van Egmondkade 23 </span><br/><span>Amsterdam </span><span>NLD </span></td></tr><tr><td>Marital Status:</td><td>Getrouwd</td></tr><tr><td>Multiple Birth:</td><td>BooleanType[true]</td></tr><tr><td>Contacts:</td><td><table class="subPropertyTable"><tbody><tr><th>-</th><th>Relationship</th><th>Name</th><th>Telecom</th><th>Address</th><th>Gender</th><th>Organization</th><th>Period</th></tr><tr><td>1</td><td> C </td><td> Sarah <b>ABELS </b></td><td> PHONE: <a href="tel:0690383372">0690383372</a> (MOBILE) </td><td/><td/><td><a href="http://localhost:8080/openmrs/ws/fhir2/R4/null"/></td><td/></tr></tbody></table></td></tr><tr><td>Communication:</td><td> Nederlands (PREFERRED) </td></tr><tr><td>Managing Organization:</td><td><a href="http://localhost:8080/openmrs/ws/fhir2/R4/Organization/f001">Burgers University Medical Centre</a></td></tr></tbody></table></div>
