<div xmlns="http://www.w3.org/1999/xhtml"><table class="hapiPropertyTable"><tbody><tr><td>Id:</td><td>ServiceRequest/lipid</td></tr><tr><td>Identifier:</td><td><div>2345234234234</div></td></tr><tr><td>Status:</td><td>ACTIVE</td></tr><tr><td>Intent:</td><td>ORIGINALORDER</td></tr><tr><td>Code:</td><td>Lipid Panel</td></tr><tr><td>Subject:</td><td><a href="http://localhost:8080/openmrs/ws/fhir2/R4/Patient/example">Patient/example</a></td></tr><tr><td>Encounter:</td><td><a href="http://localhost:8080/openmrs/ws/fhir2/R4/Encounter/example">Encounter/example</a></td></tr><tr><td>Occurrence:</td><td> 02 May 2013 23:16:00 </td></tr><tr><td>Requester:</td><td><a href="http://localhost:8080/openmrs/ws/fhir2/R4/Practitioner/example">Practitioner/example</a></td></tr><tr><td>Reason Code:</td><td> Fam hx-ischem heart dis </td></tr><tr><td>Supporting Info:</td><td><a href="http://localhost:8080/openmrs/ws/fhir2/R4/#fasting">Fasting status</a></td></tr><tr><td>Specimen:</td><td><a href="http://localhost:8080/openmrs/ws/fhir2/R4/#serum">Serum specimen</a></td></tr><tr><td>Note:</td><td><div>patient is afraid of needles</div></td></tr></tbody></table></div>
